1	Abies_alba	OK	2
2	Abrus_precatorius	OK	2
3	Acacia_pycnantha	OK	2
4	Acanthochlamys_bracteata	OK	2
5	Acer_catalpifolium	OK	2
6	Acer_negundo	OK	2
7	Acer_pseudosieboldianum	OK	2
8	Acer_yangbiense	OK	2
9	Achnatherum_splendens	OK	2
10	Acorus_calamus	OK	2
11	Acorus_gramineus	OK	2
12	Actinidia_chinensis	OK	2
13	Actinidia_hemsleyana	OK	2
14	Actinidia_zhejiangensis	OK	2
15	Aegiceras_corniculatum	OK	2
16	Aegilops_bicornis	OK	2
17	Aegilops_longissima	OK	2
18	Aegilops_searsii	OK	2
19	Aegilops_sharonensis	OK	2
20	Aegilops_speltoides	OK	2
21	Aegilops_umbellulata	OK	2
22	Aegle_marmelos	OK	2
23	Aeschynomene_evenia	OK	2
24	Aethionema_arabicum	OK	2
25	Agastache_rugosa	OK	2
26	Akebia_trifoliata	OK	2
27	Aldrovanda_vesiculosa	OK	2
28	Allium_cepa	OK	2
29	Allium_fistulosum	OK	2
30	Allium_sativum	OK	2
31	Amaranthus_tricolor	OK	2
32	Amaranthus_tuberculatus	OK	2
33	Amborella_trichopoda	OK	2
34	Ammopiptanthus_nanus	OK	2
35	Amorphophallus_konjac	OK	2
36	Amphicarpaea_edgeworthii	OK	2
37	Ananas_comosus	OK	2
38	Andrographis_paniculata	OK	2
39	Angelica_sinensis	OK	2
40	Anisodus_acutangulus	OK	2
41	Anisodus_luridus	OK	2
42	Annona_cherimola	OK	2
43	Anthoceros_agrestis	OK	2
44	Anthoceros_angustus	OK	2
45	Anthoceros_punctatus	OK	2
46	Antirrhinum_hispanicum	OK	2
47	Antirrhinum_majus	OK	2
48	Apium_graveolens	OK	2
49	Apostasia_shenzhenica	OK	2
50	Aquilaria_sinensis	OK	2
51	Aquilegia_coerulea	OK	2
52	Arabidopsis_halleri	OK	2
53	Arabidopsis_lyrata	OK	2
54	Arabidopsis_suecica	OK	2
55	Arabidopsis_thaliana	OK	2
56	Arabis_alpina	OK	2
57	Arabis_nemorensis	OK	2
58	Arachis_hypogaea	OK	2
59	Aralia_elata	OK	2
60	Arctium_lappa	OK	2
61	Areca_catechu	OK	2
62	Aristolochia_contorta	OK	2
63	Aristolochia_fimbriata	OK	2
64	Armoracia_rusticana	OK	2
65	Artemisia_argyi	OK	2
66	Artocarpus_altilis	OK	2
67	Artocarpus_nanchuanensis	OK	2
68	Asparagus_officinalis	OK	2
69	Asparagus_setaceus	OK	2
70	Asterochloris_glomerata	OK	2
71	Atalantia_buxifolia	OK	2
72	Atriplex_hortensis	OK	2
73	Atropa_belladonna	OK	2
74	Auxenochlorella_protothecoides	OK	2
75	Avena_atlantica	OK	2
76	Avena_eriantha	OK	2
77	Avena_strigosa	OK	2
78	Averrhoa_carambola	OK	2
79	Azolla_filiculoides	OK	2
80	Balanophora_fungosa	OK	2
81	Balanophora_subcupularis	OK	2
82	Barbarea_vulgaris	OK	2
83	Bathycoccus_prasinos	OK	2
84	Bauhinia_variegata	OK	2
85	Begonia_darthvaderiana	OK	2
86	Begonia_fuchsioides	OK	2
87	Begonia_loranthoides	OK	2
88	Begonia_masoniana	OK	2
89	Begonia_peltatifolia	OK	2
90	Benincasa_hispida	OK	2
91	Beta_patula	OK	2
92	Betula_platyphylla	OK	2
93	Boea_hygrometrica	OK	2
94	Boechera_retrofracta	OK	2
95	Boechera_stricta	OK	2
96	Boehmeria_nivea	OK	2
97	Bombax_ceiba	OK	2
98	Bonia_amplexicaulis	OK	2
99	Bothriochloa_decipiens	OK	2
100	Bougainvillea_x_buttiana	OK	2
101	Brachypodium_distachyon	OK	2
102	Brachypodium_hybridum	OK	2
103	Brachypodium_stace	OK	2
104	Brachypodium_sylvaticum	OK	2
105	Brasenia_schreberi	OK	2
106	Brassica_carinata	OK	2
107	Brassica_gravinae	OK	2
108	Brassica_juncea	OK	2
109	Brassica_napus	OK	2
110	Brassica_nigra	OK	2
111	Brassica_oleracea	OK	2
112	Brassica_rapa	OK	2
113	Brassica_repanda	OK	2
114	Brassica_tournefortii	OK	2
115	Bretschneidera_sinensis	OK	2
116	Bruguiera_sexangula	OK	2
117	Buddleja_alternifolia	OK	2
118	Buxus_austroyunnanensis	OK	2
119	Buxus_sinica	OK	2
120	Calamus_simplicifolius	OK	2
121	Callicarpa_americana	OK	2
122	Calotropis_gigantea	OK	2
123	Camelina_sativa	OK	2
124	Camellia_chekiangoleosa	OK	2
125	Camptotheca_acuminata	OK	2
126	Capparis_spinosa	OK	2
127	Capsella_grandiflora	OK	2
128	Capsella_rubella	OK	2
129	Capsicum_annuum	OK	2
130	Capsicum_baccatum	OK	2
131	Capsicum_chinense	OK	2
132	Capsicum_pubescens	OK	2
133	Cardamine_enshiensis	OK	2
134	Cardamine_hirsuta	OK	2
135	Carex_cristatella	OK	2
136	Carex_scoparia	OK	2
137	Carica_papaya	OK	2
138	Carnegiea_gigantea	OK	2
139	Carpinus_fangiana	OK	2
140	Carpinus_viminea	OK	2
141	Carrichtera_annua	OK	2
142	Carya_cathayensis	OK	2
143	Carya_illinoinensis	OK	2
144	Castanea_mollissima	OK	2
145	Castanopsis_hystrix	OK	2
146	Castanopsis_tibetana	OK	2
147	Catharanthus_roseus	OK	2
148	Cenchrus_americanus	OK	2
149	Cenchrus_macrourus	OK	2
150	Cenchrus_purpureus	OK	2
151	Cerasus_serrulata	OK	2
152	Cercis_canadensis	OK	2
153	Ceriops_tagal	OK	2
154	Chamaecrista_fasciculata	OK	2
155	Chara_braunii	OK	2
156	Chenopodium_pallidicaule	OK	2
157	Chenopodium_quinoa	OK	2
158	Chenopodium_watsonii	OK	2
159	Chimonanthus_salicifolius	OK	2
160	Chiococca_alba	OK	2
161	Chlamydomonas_eustigma	OK	2
162	Chlamydomonas_incerta	OK	2
163	Chlamydomonas_reinhardtii	OK	2
164	Chlamydomonas_schloesseri	OK	2
165	Chloranthus_spicatus	OK	2
166	Chlorella_variabilis	OK	2
167	Chlorokybus_atmophyticus	OK	2
168	Chloropicon_primus	OK	2
169	Chondrus_crispus	OK	2
170	Chromochloris_zofingiensis	OK	2
171	Chrysanthemum_makinoi	OK	2
172	Chrysanthemum_nankingense	OK	2
173	Chrysanthemum_x_morifolium	OK	2
174	Cicer_arietinum	OK	2
175	Cicer_reticulatum	OK	2
176	Cichorium_endivia	OK	2
177	Cichorium_intybus	OK	2
178	Cinchona_pubescens	OK	2
179	Cinnamomum_kanehirae	OK	2
180	Cissus_rotundifolia	OK	2
181	Citropsis_gilletiana	OK	2
182	Citrullus_lanatus	OK	2
183	Citrus_australasica	OK	2
184	Citrus_australis	OK	2
185	Citrus_cavaleriei	OK	2
186	Citrus_clementina	OK	2
187	Citrus_grandis	OK	2
188	Citrus_japonica	OK	2
189	Citrus_linwuensis	OK	2
190	Citrus_mangshanensis	OK	2
191	Citrus_medica	OK	2
192	Citrus_reticulata	OK	2
193	Citrus_sinensis	OK	2
194	Citrus_trifoliata	OK	2
195	Citrus_x_limon	OK	2
196	Cladopus_chinensis	OK	2
197	Clausena_lansium	OK	2
198	Cleistogenes_songorica	OK	2
199	Cleome_gynandra	OK	2
200	Clethra_arborea	OK	2
201	Coccomyxa_subellipsoidea	OK	2
202	Codonopsis_lanceolata	OK	2
203	Coffea_canephora	OK	2
204	Coffea_humblotiana	OK	2
205	Coix_lacrymajobi	OK	2
206	Colocasia_esculenta	OK	2
207	Coptis_chinensis	OK	2
208	Corchorus_capsularis	OK	2
209	Corchorus_olitorius	OK	2
210	Coriandrum_sativum	OK	2
211	Cornus_wilsoniana	OK	2
212	Corydalis_tomentella	OK	2
213	Corylus_avellana	OK	2
214	Cremastra_appendiculata	OK	2
215	Cucumis_hystrix	OK	2
216	Cucumis_melo	OK	2
217	Cucumis_sativus	OK	2
218	Cucurbita_argyrosperma	OK	2
219	Cucurbita_maxima	OK	2
220	Cucurbita_moschata	OK	2
221	Cucurbita_pepo	OK	2
222	Cuscuta_campestris	OK	2
223	Cuscuta_epithymum	OK	2
224	Cuscuta_europaea	OK	2
225	Cyanidiococcus_yangmingshanensis	OK	2
226	Cyanidioschyzon_merolae	OK	2
227	Cyanophora_paradoxa	OK	2
228	Cyclocarya_paliurus	OK	2
229	Cydonia_oblonga	OK	2
230	Cymbidium_ensifolium	OK	2
231	Cyperus_esculentus	OK	2
232	Daemonorops_jenkinsiana	OK	2
233	Dalbergia_cochinchinensis	OK	2
234	Dalbergia_cultrata	OK	2
235	Dalbergia_odorifera	OK	2
236	Datisca_glomerata	OK	2
237	Datura_inoxia	OK	2
238	Daucus_carota	OK	2
239	Davidia_involucrata	OK	2
240	Dendrobium_chrysotoxum	OK	2
241	Dendrobium_huoshanense	OK	2
242	Dendrobium_hybrid_cultivar	OK	2
243	Dendrobium_nobile	OK	2
244	Dendrocalamus_latiflorus	OK	2
245	Dianthus_caryophyllus	OK	2
246	Dichanthelium_oligosanthes	OK	2
247	Dimocarpus_longan	OK	2
248	Dionaea_muscipula	OK	2
249	Dioscorea_alata	OK	2
250	Dioscorea_dumetorum	OK	2
251	Dioscorea_zingiberensis	OK	2
252	Diospyros_lotus	OK	2
253	Diospyros_oleifera	OK	2
254	Diplotaxis_acris	OK	2
255	Diplotaxis_erucoides	OK	2
256	Diplotaxis_harra	OK	2
257	Diplotaxis_muralis	OK	2
258	Diplotaxis_tenuifolia	OK	2
259	Diplotaxis_tenuisiliqua	OK	2
260	Diplotaxis_viminea	OK	2
261	Dipteronia_dyeriana	OK	2
262	Dipteronia_sinensis	OK	2
263	Discaria_trinervis	OK	2
264	Draba_nivalis	OK	2
265	Drosera_spatulata	OK	2
266	Dryas_drummondii	OK	2
267	Dunaliella_salina	OK	2
268	Durio_zibethinus	OK	2
269	Echinochloa_colona	OK	2
270	Echinochloa_crusgalli	OK	2
271	Echinochloa_haploclada	OK	2
272	Echinochloa_oryzicola	OK	2
273	Edaphochlamys_debaryana	OK	2
274	Elaeagnus_angustifolia	OK	2
275	Elaeagnus_mollis	OK	2
276	Eleusine_coracana	OK	2
277	Eleusine_indica	OK	2
278	Ensete_glaucum	OK	2
279	Ensete_ventricosum	OK	2
280	Entada_phaseoloides	OK	2
281	Epimedium_pubescens	OK	2
282	Eragrostis_curvula	OK	2
283	Eragrostis_nindensis	OK	2
284	Eragrostis_tef	OK	2
285	Eremochloa_ophiuroides	OK	2
286	Erianthus_fulvus	OK	2
287	Erianthus_rufipilus	OK	2
288	Eriobotrya_japonica	OK	2
289	Erythranthe_guttatus	OK	2
290	Erythranthe_luteus	OK	2
291	Erythroxylum_novogranatense	OK	2
292	Eucalyptus_grandis	OK	2
293	Eucommia_ulmoides	OK	2
294	Euphorbia_lathyris	OK	2
295	Euryale_ferox	OK	2
296	Euscaphis_japonica	OK	2
297	Eutrema_japonicum	OK	2
298	Eutrema_salsugineum	OK	2
299	Fagopyrum_cymosum	OK	2
300	Fagopyrum_esculentum	OK	2
301	Fagopyrum_homotropicum	OK	2
302	Fagopyrum_tataricum	OK	2
303	Faidherbia_albida	OK	2
304	Fallopia_multiflora	OK	2
305	Ficus_carica	OK	2
306	Ficus_hispida	OK	2
307	Ficus_microcarpa	OK	2
308	Fontinalis_antipyretica	OK	2
309	Fragaria_ananassa	OK	2
310	Fragaria_daltoniana	OK	2
311	Fragaria_iinumae	OK	2
312	Fragaria_mandshurica	OK	2
313	Fragaria_nilgerrensis	OK	2
314	Fragaria_nubicola	OK	2
315	Fragaria_pentaphylla	OK	2
316	Fragaria_vesca	OK	2
317	Fragaria_x_ananassa	OK	2
318	Fraxinus_excelsior	OK	2
319	Fraxinus_pennsylvanica	OK	2
320	Galdieria_sulphuraria	OK	2
321	Gastrodia_elata	OK	2
322	Gastrodia_menghaiensis	OK	2
323	Genlisea_aurea	OK	2
324	Gilia_yorkii	OK	2
325	Gillenia_trifoliata	OK	2
326	Ginkgo_biloba	OK	2
327	Glebionis_coronaria	OK	2
328	Glycine_max	OK	2
329	Glycine_soja	OK	2
330	Gnetum_montanum	OK	2
331	Gossypium_anomalum	OK	2
332	Gossypium_arboreum	OK	2
333	Gossypium_barbadense	OK	2
334	Gossypium_bickii	OK	2
335	Gossypium_darwinii	OK	2
336	Gossypium_herbaceum	OK	2
337	Gossypium_hirsutum	OK	2
338	Gossypium_longicalyx	OK	2
339	Gossypium_raimondii	OK	2
340	Gossypium_stocksii	OK	2
341	Gossypium_sturtianum	OK	2
342	Gracilariopsis_chorda	OK	2
343	Guadua_angustifolia	OK	2
344	Gypsophila_paniculata	OK	2
345	Haloxylon_ammodendron	OK	2
346	Helianthus_annuus	OK	2
347	Helianthus_tuberosus	OK	2
348	Heliophila_variabilis	OK	2
349	Herpetospermum_pedunculosum	OK	2
350	Hibiscus_cannabinus	OK	2
351	Hippophae_rhamnoides	OK	2
352	Hirschfeldia_incana	OK	2
353	Hordeum_marinum	OK	2
354	Hordeum_spontaneum	OK	2
355	Hordeum_vulgare	OK	2
356	Humulus_lupulus	OK	2
357	Hylocereus_undatus	OK	2
358	Hyssopus_officinalis	OK	2
359	Ilex_latifolia	OK	2
360	Ilex_polyneura	OK	2
361	Iochroma_cyaneum	OK	2
362	Ipomoea_aquatica	OK	2
363	Ipomoea_batatas	OK	2
364	Ipomoea_cairica	OK	2
365	Iris_pallida	OK	2
366	Isatis_indigotica	OK	2
367	Jacaranda_mimosifolia	OK	2
368	Jasminum_sambac	OK	2
369	Juglans_mandshurica	OK	2
370	Juglans_sigillata	OK	2
371	Juncus_effusus	OK	2
372	Juncus_inflexus	OK	2
373	Kalanchoe_fedtschenkoi	OK	2
374	Kandelia_obovata	OK	2
375	Kingdonia_uniflora	OK	2
376	Klebsormidium_nitens	OK	2
377	Knoxia_roxburghii	OK	2
378	Kobresia_littledalei	OK	2
379	Lablab_purpureus	OK	2
380	Lactuca_saligna	OK	2
381	Lactuca_sativa	OK	2
382	Lactuca_virosa	OK	2
383	Lagenaria_siceraria	OK	2
384	Lagerstroemia_indica	OK	2
385	Leavenworthia_alabamica	OK	2
386	Leersia_perrieri	OK	2
387	Lemna_minor	OK	2
388	Lemna_minuta	OK	2
389	Lepidium_meyenii	OK	2
390	Lindenbergia_luchunensis	OK	2
391	Litchi_chinensis	OK	2
392	Lithospermum_erythrorhizon	OK	2
393	Lobularia_maritima	OK	2
394	Lolium_perenne	OK	2
395	Lolium_rigidum	OK	2
396	Lonicera_japonica	OK	2
397	Luffa_acutangula	OK	2
398	Luffa_cylindrica	OK	2
399	Lupinus_albus	OK	2
400	Lupinus_angustifolius	OK	2
401	Luvunga_scandens	OK	2
402	Lycianthes_biflora	OK	2
403	Lycium_barbarum	OK	2
404	Macadamia_integrifolia	OK	2
405	Magnolia_biondii	OK	2
406	Malania_oleifera	OK	2
407	Malus_baccata	OK	2
408	Malus_domestica	OK	2
409	Malus_sieversii	OK	2
410	Malus_sylvestris	OK	2
411	Manihot_esculenta	OK	2
412	Marchantia_polymorpha	OK	2
413	Medicago_polymorpha	OK	2
414	Medicago_truncatula	OK	2
415	Megacarpaea_delavayi	OK	2
416	Megadenia_pygmaea	OK	2
417	Melaleuca_alternifolia	OK	2
418	Melastoma_dodecandrum	OK	2
419	Melilotus_albus	OK	2
420	Mesembryanthemum_crystallinum	OK	2
421	Mesostigma_viride	OK	2
422	Mesotaenium_endlicherianum	OK	2
423	Mesua_ferrea	OK	2
424	Micromonas_pusilla	OK	2
425	Microthlaspi_erraticum	OK	2
426	Mimosa_pudica	OK	2
427	Mimulus_guttatus	OK	2
428	Mimulus_luteus	OK	2
429	Miscanthus_lutarioriparius	OK	2
430	Miscanthus_sinensis	OK	2
431	Misopates_orontium	OK	2
432	Momordica_charantia	OK	2
433	Morella_rubra	OK	2
434	Moricandia_sinaica	OK	2
435	Moricandia_spinosa	OK	2
436	Moricandia_suffruticosa	OK	2
437	Moringa_oleifera	OK	2
438	Mucuna_pruriens	OK	2
439	Murraya_paniculata	OK	2
440	Musa_acuminata	OK	2
441	Musa_balbisiana	OK	2
442	Musa_beccarii	OK	2
443	Musa_itinerans	OK	2
444	Musa_schizocarpa	OK	2
445	Musa_textilis	OK	2
446	Musa_troglodytarum	OK	2
447	Nelumbo_nucifera	OK	2
448	Neolamarckia_cadamba	OK	2
449	Nepeta_cataria	OK	2
450	Nepeta_mussinii	OK	2
451	Nephelium_lappaceum	OK	2
452	Nicandra_physalodes	OK	2
453	Nicotiana_attenuata	OK	2
454	Nicotiana_benthamiana	OK	2
455	Nicotiana_longiflora	OK	2
456	Nicotiana_sylvestris	OK	2
457	Nicotiana_tabacum	OK	2
458	Nicotiana_tomentosiformis	OK	2
459	Nissolia_schottii	OK	2
460	Nymphaea_colorata	OK	2
461	Nymphoides_indica	OK	2
462	Nyssa_yunnanensis	OK	2
463	Ochroma_pyramidale	OK	2
464	Oldenlandia_corymbosa	OK	2
465	Olea_europaea	OK	2
466	Olyra_latifolia	OK	2
467	Ophiorrhiza_pumila	OK	2
468	Origanum_majorana	OK	2
469	Origanum_vulgare	OK	2
470	Orobanche_aegyptiaca	OK	2
471	Orobanche_cumana	OK	2
472	Oropetium_thomaeum	OK	2
473	Orychophragmus_violaceus	OK	2
474	Oryza_alta	OK	2
475	Oryza_barthii	OK	2
476	Oryza_brachyantha	OK	2
477	Oryza_coarctata	OK	2
478	Oryza_glaberrima	OK	2
479	Oryza_glumaepatula	OK	2
480	Oryza_granulata	OK	2
481	Oryza_meridionalis	OK	2
482	Oryza_nivara	OK	2
483	Oryza_punctata	OK	2
484	Oryza_rufipogon	OK	2
485	Oryza_sativa	OK	2
486	Ostreococcus_lucimarinus	OK	2
487	Ostrya_rehderiana	OK	2
488	Paeonia_ludlowii	OK	2
489	Paeonia_ostii	OK	2
490	Paeonia_suffruticosa	OK	2
491	Panax_ginseng	OK	2
492	Panax_japonicus	OK	2
493	Panax_notoginseng	OK	2
494	Panax_quinquefolius	OK	2
495	Panax_stipuleanatus	OK	2
496	Panicum_hallii	OK	2
497	Panicum_miliaceum	OK	2
498	Panicum_virgatum	OK	2
499	Papaver_rhoeas	OK	2
500	Papaver_setigerum	OK	2
501	Papaver_somniferum	OK	2
502	Papilionanthehookeriana_xteres	OK	2
503	Paspalum_vaginatum	OK	2
504	Paulownia_fortunei	OK	2
505	Penium_margaritaceum	OK	2
506	Pennisetum_purpureum	OK	2
507	Perilla_frutescens	OK	2
508	Persea_americana	OK	2
509	Petrea_volubilis	OK	2
510	Petunia_axillaris	OK	2
511	Petunia_inflata	OK	2
512	Phalaenopsis_aphrodite	OK	2
513	Pharus_latifolius	OK	2
514	Phaseolus_acutifolius	OK	2
515	Phaseolus_lunatus	OK	2
516	Phaseolus_vulgaris	OK	2
517	Phoebe_bournei	OK	2
518	Phragmites_australis	OK	2
519	Phyllostachys_edulis	OK	2
520	Physalis_angulata	OK	2
521	Physalis_grisea	OK	2
522	Physalis_pruinosa	OK	2
523	Physalis_pubescens	OK	2
524	Physcomitrella_patens	OK	2
525	Picrorhiza_kurrooa	OK	2
526	Pistia_stratiotes	OK	2
527	Pisum_sativum	OK	2
528	Platycodon_grandiflorus	OK	2
529	Pogostemon_cablin	OK	2
530	Polygala_tenuifolia	OK	2
531	Polygonum_cuspidatum	OK	2
532	Populus_deltoides	OK	2
533	Populus_glandulosa	OK	2
534	Populus_ilicifolia	OK	2
535	Populus_pruinosa	OK	2
536	Populus_tremula	OK	2
537	Populus_trichocarpa	OK	2
538	Porphyra_umbilicalis	OK	2
539	Portulaca_oleracea	OK	2
540	Potentilla_anserina	OK	2
541	Potentilla_micrantha	OK	2
542	Prasinoderma_coloniale	OK	2
543	Primula_veris	OK	2
544	Prinsepia_uniflora	OK	2
545	Prosopis_alba	OK	2
546	Prosopis_cineraria	OK	2
547	Protea_cynaroides	OK	2
548	Prunus_armeniaca	OK	2
549	Prunus_avium	OK	2
550	Prunus_campanulata	OK	2
551	Prunus_domestica	OK	2
552	Prunus_dulcis	OK	2
553	Prunus_fruticosa	OK	2
554	Prunus_hongpingensis	OK	2
555	Prunus_mandshurica	OK	2
556	Prunus_mongolica	OK	2
557	Prunus_mume	OK	2
558	Prunus_salicina	OK	2
559	Prunus_sibirica	OK	2
560	Prunus_x_kanzakura	OK	2
561	Prunus_yedoensis	OK	2
562	Prunus_zhengheensis	OK	2
563	Pterocarpus_macrocarpus	OK	2
564	Pterocarpus_santalinus	OK	2
565	Punica_granatum	OK	2
566	Pyrus_betulifolia	OK	2
567	Pyrus_bretschneideri	OK	2
568	Pyrus_communis	OK	2
569	Pyrus_pyrifolia	OK	2
570	Quercus_acutissima	OK	2
571	Quercus_dentata	OK	2
572	Quercus_mongolica	OK	2
573	Quercus_robur	OK	2
574	Quercus_suber	OK	2
575	Quercus_variabilis	OK	2
576	Raddia_distichophylla	OK	2
577	Raddia_guianensis	OK	2
578	Raphanus_sativus	OK	2
579	Rhamphospermum_arvense	OK	2
580	Rheum_tanguticum	OK	2
581	Rhodiola_crenulata	OK	2
582	Rhododendron_delavayi	OK	2
583	Rhododendron_griersonianum	OK	2
584	Rhododendron_henanense	OK	2
585	Rhododendron_molle	OK	2
586	Rhododendron_ovatum	OK	2
587	Rhododendron_prattii	OK	2
588	Rhododendron_ripense	OK	2
589	Rhododendron_simsii	OK	2
590	Rhododendron_vialii	OK	2
591	Rhododendron_williamsianum	OK	2
592	Rhynchospora_breviuscula	OK	2
593	Rhynchospora_pubera	OK	2
594	Rhynchospora_tenuis	OK	2
595	Ricinus_communis	OK	2
596	Robinia_pseudoacacia	OK	2
597	Roridula_gorgonias	OK	2
598	Rosa_chinensis	OK	2
599	Rosa_multiflora	OK	2
600	Rosa_roxburghii	OK	2
601	Rosa_rugosa	OK	2
602	Rosa_wichuraiana	OK	2
603	Rubus_argutus	OK	2
604	Rubus_chingii	OK	2
605	Rubus_corchorifolius	OK	2
606	Rubus_occidentalis	OK	2
607	Rumex_hastatulus	OK	2
608	Saccharum_hybrid	OK	2
609	Saccharum_spontaneum	OK	2
610	Salix_arbutifolia	OK	2
611	Salix_chaenomeloides	OK	2
612	Salix_integra	OK	2
613	Salix_koriyanagi	OK	2
614	Salix_purpurea	OK	2
615	Salix_suchowensis	OK	2
616	Salvia_bowleyana	OK	2
617	Salvia_hispanica	OK	2
618	Salvia_rosmarinus	OK	2
619	Salvinia_cucullata	OK	2
620	Santalum_album	OK	2
621	Santalum_yasi	OK	2
622	Sapindus_mukorossi	OK	2
623	Saururus_chinensis	OK	2
624	Schrenkiella_parvula	OK	2
625	Sclerocarya_birrea	OK	2
626	Scurrula_parasitica	OK	2
627	Scutellaria_baicalensis	OK	2
628	Secale_cereale	OK	2
629	Sechium_edule	OK	2
630	Selaginella_moellendorffii	OK	2
631	Selenicereus_undatus	OK	2
632	Senna_siamea	OK	2
633	Senna_tora	OK	2
634	Sequoiadendron_giganteum	OK	2
635	Setaria_italica	OK	2
636	Setaria_viridis	OK	2
637	Shorea_wangtianshuea	OK	2
638	Silene_latifolia	OK	2
639	Simmondsia_chinensis	OK	2
640	Sinapis_alba	OK	2
641	Siraitia_grosvenorii	OK	2
642	Sisymbrium_irio	OK	2
643	Smallanthus_sonchifolius	OK	2
644	Solanum_aethiopicum	OK	2
645	Solanum_americanum	OK	2
646	Solanum_andreanum	OK	2
647	Solanum_atropurpureum	OK	2
648	Solanum_boliviense	OK	2
649	Solanum_brevicaule	OK	2
650	Solanum_buesii	OK	2
651	Solanum_bulbocastanum	OK	2
652	Solanum_burkartii	OK	2
653	Solanum_cajamarquense	OK	2
654	Solanum_candolleanum	OK	2
655	Solanum_capsicoides	OK	2
656	Solanum_chacoense	OK	2
657	Solanum_chilense	OK	2
658	Solanum_chomatophilum	OK	2
659	Solanum_commersonii	OK	2
660	Solanum_dulcamara	OK	2
661	Solanum_erianthum	OK	2
662	Solanum_etuberosum	OK	2
663	Solanum_habrochaites	OK	2
664	Solanum_jamesii	OK	2
665	Solanum_laciniatum	OK	2
666	Solanum_lignicaule	OK	2
667	Solanum_lycopersicum	OK	2
668	Solanum_lyratum	OK	2
669	Solanum_macrocarpon	OK	2
670	Solanum_mammosum	OK	2
671	Solanum_melongena	OK	2
672	Solanum_morelliforme	OK	2
673	Solanum_multiinterruptum	OK	2
674	Solanum_muricatum	OK	2
675	Solanum_neorossii	OK	2
676	Solanum_ochranthum	OK	2
677	Solanum_palustre	OK	2
678	Solanum_paucissectum	OK	2
679	Solanum_pennellii	OK	2
680	Solanum_pimpinellifolium	OK	2
681	Solanum_pinnatisectum	OK	2
682	Solanum_piurae	OK	2
683	Solanum_pseudocapsicum	OK	2
684	Solanum_retroflexum	OK	2
685	Solanum_rostratum	OK	2
686	Solanum_scabrum	OK	2
687	Solanum_seaforthianum	OK	2
688	Solanum_septemlobum	OK	2
689	Solanum_sogarandinum	OK	2
690	Solanum_spirale	OK	2
691	Solanum_stenotomum	OK	2
692	Solanum_stramoniifolium	OK	2
693	Solanum_torvum	OK	2
694	Solanum_tuberosum	OK	2
695	Solanum_vernei	OK	2
696	Solanum_verrucosum	OK	2
697	Solanum_viarum	OK	2
698	Solanum_wrightii	OK	2
699	Sorbus_aucuparia	OK	2
700	Sorghum_bicolor	OK	2
701	Sparganium_stoloniferum	OK	2
702	Spatholobus_suberectus	OK	2
703	Speranskia_yunnanensis	OK	2
704	Spinacia_oleracea	OK	2
705	Spirodela_intermedia	OK	2
706	Spirodela_polyrhiza	OK	2
707	Spirogloea_muscicola	OK	2
708	Sporobolus_pyramidalis	OK	2
709	Sporobolus_stapfianus	OK	2
710	Stephania_japonica	OK	2
711	Stevia_rebaudiana	OK	2
712	Striga_hermonthica	OK	2
713	Strobilanthes_cusia	OK	2
714	Synsepalum_dulcificum	OK	2
715	Syzygium_grande	OK	2
716	Tamarix_chinensis	OK	2
717	Taraxacum_koksaghyz	OK	2
718	Taraxacum_mongolicum	OK	2
719	Tarenaya_hassleriana	OK	2
720	Telopea_speciosissima	OK	2
721	Tetracentron_sinense	OK	2
722	Theobroma_cacao	OK	2
723	Thinopyrum_elongatum	OK	2
724	Thlaspi_arvense	OK	2
725	Tiarella_polyphylla	OK	2
726	Toona_sinensis	OK	2
727	Trichopus_zeylanicus	OK	2
728	Trifolium_pratense	OK	2
729	Trifolium_repens	OK	2
730	Triticum_aestivum	OK	2
731	Triticum_monococcum	OK	2
732	Triticum_turgidum	OK	2
733	Triticum_urartu	OK	2
734	Trochodendron_aralioides	OK	2
735	Tubocapsicum_anomalum	OK	2
736	Ulva_mutabilis	OK	2
737	Vaccinium_caesariense	OK	2
738	Vaccinium_corymbosum	OK	2
739	Vaccinium_darrowii	OK	2
740	Vaccinium_duclouxii	OK	2
741	Vaccinium_macrocarpon	OK	2
742	Vaccinium_microcarpum	OK	2
743	Vaccinium_myrtillus	OK	2
744	Vaccinium_oxycoccos	OK	2
745	Vatica_odorata	OK	2
746	Vatica_rassak	OK	2
747	Vicia_faba	OK	2
748	Vicia_sativa	OK	2
749	Vigna_hirtella	OK	2
750	Vigna_subterranea	OK	2
751	Vigna_umbellata	OK	2
752	Vigna_unguiculata	OK	2
753	Vitellaria_paradoxa	OK	2
754	Vitis_amurensis	OK	2
755	Vitis_arizonica	OK	2
756	Vitis_berlandieri	OK	2
757	Vitis_labrusca	OK	2
758	Vitis_riparia	OK	2
759	Vitis_rotundifolia	OK	2
760	Vitis_rupestris	OK	2
761	Vitis_vinifera	OK	2
762	Vitis_xlabruscana	OK	2
763	Volvox_carteri	OK	2
764	Welwitschia_mirabilis	OK	2
765	Wolffia_australiana	OK	2
766	Wurfbainia_longiligularis	OK	2
767	Xanthoceras_sorbifolium	OK	2
768	Zantedeschia_elliottiana	OK	2
769	Zea_mays	OK	2
770	Zingiber_officinale	OK	2
771	Zizania_latifolia	OK	2
772	Ziziphus_jujuba	OK	2
773	Zostera_marina	OK	2
774	Zostera_muelleri	OK	2
775	Zoysia_japonica	OK	2
776	Zoysia_matrella	OK	2
777	Zoysia_pacifica	OK	2
778	Gonium_pectorale	OK	2
779	Gossypium_rotundifolium	OK	2
780	Micractinium_conductrix	OK	2
781	Mikania_micrantha	OK	2
782	Monoraphidium_neglectum	OK	2
783	Nyssa_sinensis	OK	2
784	Populus_glandulosa_x_alba	OK	2
785	Portulaca_amilis	OK	2
786	Salix_brachista	OK	2
787	Tetrabaena_socialis	OK	2
